---
source: jclass/src/lib.rs
expression: display
---
public class java.lang.NegativeArraySizeException extends java.lang.RuntimeException
  minor version: 0
  major version: 68
  flags: (0x0021) ACC_PUBLIC, ACC_SUPER
  this_class: #10                      //java/lang/NegativeArraySizeException
  super_class: #2                      //java/lang/RuntimeException
  interfaces: 0, fields: 1, methods: 2, attributes: 1
Constant pool:
   #1 = Methodref          #2.#3            // java/lang/RuntimeException."<init>":()V
   #2 = Class              #4               // java/lang/RuntimeException
   #3 = NameAndType        #5:#6            // "<init>":()V
   #4 = Utf8               java/lang/RuntimeException
   #5 = Utf8               <init>
   #6 = Utf8               ()V
   #7 = Methodref          #2.#8            // java/lang/RuntimeException."<init>":(Ljava/lang/String;)V
   #8 = NameAndType        #5:#9            // "<init>":(Ljava/lang/String;)V
   #9 = Utf8               (Ljava/lang/String;)V
  #10 = Class              #11              // java/lang/NegativeArraySizeException
  #11 = Utf8               java/lang/NegativeArraySizeException
  #12 = Utf8               serialVersionUID
  #13 = Utf8               J
  #14 = Utf8               ConstantValue
  #15 = Long               -8960118058596991861l
  #17 = Utf8               Code
  #18 = Utf8               LineNumberTable
  #19 = Utf8               LocalVariableTable
  #20 = Utf8               this
  #21 = Utf8               Ljava/lang/NegativeArraySizeException;
  #22 = Utf8               s
  #23 = Utf8               Ljava/lang/String;
  #24 = Utf8               SourceFile
  #25 = Utf8               NegativeArraySizeException.java
{
  private static final long serialVersionUID;
    descriptor: J
    flags: (0x001a) ACC_PRIVATE, ACC_STATIC, ACC_FINAL
    ConstantValue: long -8960118058596991861l
  
  public java.lang.NegativeArraySizeException();
    descriptor: ()V
    flags: (0x0001) ACC_PUBLIC
    Code: 
      stack=1, locals=1, args_size=1
         0: aload_0                 
         1: invokespecial #1                  // Method java/lang/RuntimeException."<init>":()V
         4: return                  
      LineNumberTable:
        line 42: 0
        line 43: 4
      LocalVariableTable:
       Start   Length  Slot  Name   Signature
           0        5     0  this   Ljava/lang/NegativeArraySizeException;
  
  public java.lang.NegativeArraySizeException(java.lang.String);
    descriptor: (Ljava/lang/String;)V
    flags: (0x0001) ACC_PUBLIC
    Code: 
      stack=2, locals=2, args_size=2
         0: aload_0                 
         1: aload_1                 
         2: invokespecial #7                  // Method java/lang/RuntimeException."<init>":(Ljava/lang/String;)V
         5: return                  
      LineNumberTable:
        line 52: 0
        line 53: 5
      LocalVariableTable:
       Start   Length  Slot  Name   Signature
           0        6     0  this   Ljava/lang/NegativeArraySizeException;
           0        6     1  s      Ljava/lang/String;
}
SourceFile: "NegativeArraySizeException.java"
