---
source: jclass/src/lib.rs
expression: display
---
public class java.lang.NullPointerException extends java.lang.RuntimeException
  minor version: 0
  major version: 68
  flags: (0x0021) ACC_PUBLIC, ACC_SUPER
  this_class: #11                      //java/lang/NullPointerException
  super_class: #2                      //java/lang/RuntimeException
  interfaces: 0, fields: 3, methods: 5, attributes: 1
Constant pool:
   #1 = Methodref          #2.#3            // java/lang/RuntimeException."<init>":()V
   #2 = Class              #4               // java/lang/RuntimeException
   #3 = NameAndType        #5:#6            // "<init>":()V
   #4 = Utf8               java/lang/RuntimeException
   #5 = Utf8               <init>
   #6 = Utf8               ()V
   #7 = Methodref          #2.#8            // java/lang/RuntimeException."<init>":(Ljava/lang/String;)V
   #8 = NameAndType        #5:#9            // "<init>":(Ljava/lang/String;)V
   #9 = Utf8               (Ljava/lang/String;)V
  #10 = Fieldref           #11.#12          // java/lang/NullPointerException.extendedMessageState:I
  #11 = Class              #13              // java/lang/NullPointerException
  #12 = NameAndType        #14:#15          // extendedMessageState:I
  #13 = Utf8               java/lang/NullPointerException
  #14 = Utf8               extendedMessageState
  #15 = Utf8               I
  #16 = Methodref          #11.#17          // java/lang/NullPointerException.getExtendedNPEMessage:()Ljava/lang/String;
  #17 = NameAndType        #18:#19          // getExtendedNPEMessage:()Ljava/lang/String;
  #18 = Utf8               getExtendedNPEMessage
  #19 = Utf8               ()Ljava/lang/String;
  #20 = Fieldref           #11.#21          // java/lang/NullPointerException.extendedMessage:Ljava/lang/String;
  #21 = NameAndType        #22:#23          // extendedMessage:Ljava/lang/String;
  #22 = Utf8               extendedMessage
  #23 = Utf8               Ljava/lang/String;
  #24 = Methodref          #2.#25           // java/lang/RuntimeException.fillInStackTrace:()Ljava/lang/Throwable;
  #25 = NameAndType        #26:#27          // fillInStackTrace:()Ljava/lang/Throwable;
  #26 = Utf8               fillInStackTrace
  #27 = Utf8               ()Ljava/lang/Throwable;
  #28 = Methodref          #2.#29           // java/lang/RuntimeException.getMessage:()Ljava/lang/String;
  #29 = NameAndType        #30:#19          // getMessage:()Ljava/lang/String;
  #30 = Utf8               getMessage
  #31 = Utf8               serialVersionUID
  #32 = Utf8               J
  #33 = Utf8               ConstantValue
  #34 = Long               5162710183389028792l
  #36 = Utf8               Code
  #37 = Utf8               LineNumberTable
  #38 = Utf8               LocalVariableTable
  #39 = Utf8               this
  #40 = Utf8               Ljava/lang/NullPointerException;
  #41 = Utf8               s
  #42 = Utf8               StackMapTable
  #43 = Utf8               message
  #44 = Class              #45              // java/lang/String
  #45 = Utf8               java/lang/String
  #46 = Class              #47              // java/lang/Object
  #47 = Utf8               java/lang/Object
  #48 = Class              #49              // java/lang/Throwable
  #49 = Utf8               java/lang/Throwable
  #50 = Utf8               SourceFile
  #51 = Utf8               NullPointerException.java
{
  private static final long serialVersionUID;
    descriptor: J
    flags: (0x001a) ACC_PRIVATE, ACC_STATIC, ACC_FINAL
    ConstantValue: long 5162710183389028792l
  
  private transient int extendedMessageState;
    descriptor: I
    flags: (0x0082) ACC_PRIVATE, ACC_TRANSIENT
  
  private transient java.lang.String extendedMessage;
    descriptor: Ljava/lang/String;
    flags: (0x0082) ACC_PRIVATE, ACC_TRANSIENT
  
  public java.lang.NullPointerException();
    descriptor: ()V
    flags: (0x0001) ACC_PUBLIC
    Code: 
      stack=1, locals=1, args_size=1
         0: aload_0                 
         1: invokespecial #1                  // Method java/lang/RuntimeException."<init>":()V
         4: return                  
      LineNumberTable:
        line 59: 0
        line 60: 4
      LocalVariableTable:
       Start   Length  Slot  Name   Signature
           0        5     0  this   Ljava/lang/NullPointerException;
  
  public java.lang.NullPointerException(java.lang.String);
    descriptor: (Ljava/lang/String;)V
    flags: (0x0001) ACC_PUBLIC
    Code: 
      stack=2, locals=2, args_size=2
         0: aload_0                 
         1: aload_1                 
         2: invokespecial #7                  // Method java/lang/RuntimeException."<init>":(Ljava/lang/String;)V
         5: return                  
      LineNumberTable:
        line 69: 0
        line 70: 5
      LocalVariableTable:
       Start   Length  Slot  Name   Signature
           0        6     0  this   Ljava/lang/NullPointerException;
           0        6     1  s      Ljava/lang/String;
  
  public synchronized java.lang.Throwable fillInStackTrace();
    descriptor: ()Ljava/lang/Throwable;
    flags: (0x0021) ACC_PUBLIC, ACC_SYNCHRONIZED
    Code: 
      stack=2, locals=1, args_size=1
         0: aload_0                 
         1: getfield      #10                 // Field extendedMessageState:I
         4: ifne          15                
         7: aload_0                 
         8: iconst_1                
         9: putfield      #10                 // Field extendedMessageState:I
        12: goto          36                
        15: aload_0                 
        16: getfield      #10                 // Field extendedMessageState:I
        19: iconst_1                
        20: if_icmpne     36                
        23: aload_0                 
        24: aload_0                 
        25: invokevirtual #16                 // Method getExtendedNPEMessage:()Ljava/lang/String;
        28: putfield      #20                 // Field extendedMessage:Ljava/lang/String;
        31: aload_0                 
        32: iconst_2                
        33: putfield      #10                 // Field extendedMessageState:I
        36: aload_0                 
        37: invokespecial #24                 // Method java/lang/RuntimeException.fillInStackTrace:()Ljava/lang/Throwable;
        40: areturn                 
      LineNumberTable:
        line 84: 0
        line 85: 7
        line 86: 15
        line 87: 23
        line 88: 31
        line 90: 36
      LocalVariableTable:
       Start   Length  Slot  Name   Signature
           0       41     0  this   Ljava/lang/NullPointerException;
      StackMapTable: number_of_entries = 2
        frame_type = 15 /* same */
        frame_type = 20 /* same */
  
  public java.lang.String getMessage();
    descriptor: ()Ljava/lang/String;
    flags: (0x0001) ACC_PUBLIC
    Code: 
      stack=2, locals=4, args_size=1
         0: aload_0                 
         1: invokespecial #28                 // Method java/lang/RuntimeException.getMessage:()Ljava/lang/String;
         4: astore_1                
         5: aload_1                 
         6: ifnonnull     46                
         9: aload_0                 
        10: dup                     
        11: astore_2                
        12: monitorenter            
        13: aload_0                 
        14: getfield      #10                 // Field extendedMessageState:I
        17: iconst_1                
        18: if_icmpne     34                
        21: aload_0                 
        22: aload_0                 
        23: invokevirtual #16                 // Method getExtendedNPEMessage:()Ljava/lang/String;
        26: putfield      #20                 // Field extendedMessage:Ljava/lang/String;
        29: aload_0                 
        30: iconst_2                
        31: putfield      #10                 // Field extendedMessageState:I
        34: aload_0                 
        35: getfield      #20                 // Field extendedMessage:Ljava/lang/String;
        38: aload_2                 
        39: monitorexit             
        40: areturn                 
        41: astore_3                
        42: aload_2                 
        43: monitorexit             
        44: aload_3                 
        45: athrow                  
        46: aload_1                 
        47: areturn                 
      Exception table:
          from       to target type
            13       40    41  any
            41       44    41  any
      LineNumberTable:
        line 110: 0
        line 111: 5
        line 112: 9
        line 113: 13
        line 116: 21
        line 117: 29
        line 119: 34
        line 120: 41
        line 122: 46
      LocalVariableTable:
       Start   Length  Slot  Name   Signature
           0       48     0  this   Ljava/lang/NullPointerException;
           5       43     1  message Ljava/lang/String;
      StackMapTable: number_of_entries = 3
        frame_type = 253 /* append */
          offset_delta = 34
          locals = [class java/lang/String, class java/lang/Object]
        frame_type = 70 /* same_locals_1_stack_item */
          stack = [ class java/lang/Throwable ]
        frame_type = 250 /* chop */
          offset_delta = 4
  
  private native java.lang.String getExtendedNPEMessage();
    descriptor: ()Ljava/lang/String;
    flags: (0x0102) ACC_PRIVATE, ACC_NATIVE
}
SourceFile: "NullPointerException.java"
