---
source: jclass/src/lib.rs
expression: display
---
public class java.lang.AssertionError extends java.lang.Error
  minor version: 0
  major version: 68
  flags: (0x0021) ACC_PUBLIC, ACC_SUPER
  this_class: #17                      //java/lang/AssertionError
  super_class: #2                      //java/lang/Error
  interfaces: 0, fields: 1, methods: 10, attributes: 1
Constant pool:
   #1 = Methodref          #2.#3            // java/lang/Error."<init>":()V
   #2 = Class              #4               // java/lang/Error
   #3 = NameAndType        #5:#6            // "<init>":()V
   #4 = Utf8               java/lang/Error
   #5 = Utf8               <init>
   #6 = Utf8               ()V
   #7 = Methodref          #2.#8            // java/lang/Error."<init>":(Ljava/lang/String;)V
   #8 = NameAndType        #5:#9            // "<init>":(Ljava/lang/String;)V
   #9 = Utf8               (Ljava/lang/String;)V
  #10 = Methodref          #11.#12          // java/lang/String.valueOf:(Ljava/lang/Object;)Ljava/lang/String;
  #11 = Class              #13              // java/lang/String
  #12 = NameAndType        #14:#15          // valueOf:(Ljava/lang/Object;)Ljava/lang/String;
  #13 = Utf8               java/lang/String
  #14 = Utf8               valueOf
  #15 = Utf8               (Ljava/lang/Object;)Ljava/lang/String;
  #16 = Methodref          #17.#8           // java/lang/AssertionError."<init>":(Ljava/lang/String;)V
  #17 = Class              #18              // java/lang/AssertionError
  #18 = Utf8               java/lang/AssertionError
  #19 = Class              #20              // java/lang/Throwable
  #20 = Utf8               java/lang/Throwable
  #21 = Methodref          #17.#22          // java/lang/AssertionError.initCause:(Ljava/lang/Throwable;)Ljava/lang/Throwable;
  #22 = NameAndType        #23:#24          // initCause:(Ljava/lang/Throwable;)Ljava/lang/Throwable;
  #23 = Utf8               initCause
  #24 = Utf8               (Ljava/lang/Throwable;)Ljava/lang/Throwable;
  #25 = Methodref          #11.#26          // java/lang/String.valueOf:(Z)Ljava/lang/String;
  #26 = NameAndType        #14:#27          // valueOf:(Z)Ljava/lang/String;
  #27 = Utf8               (Z)Ljava/lang/String;
  #28 = Methodref          #11.#29          // java/lang/String.valueOf:(C)Ljava/lang/String;
  #29 = NameAndType        #14:#30          // valueOf:(C)Ljava/lang/String;
  #30 = Utf8               (C)Ljava/lang/String;
  #31 = Methodref          #11.#32          // java/lang/String.valueOf:(I)Ljava/lang/String;
  #32 = NameAndType        #14:#33          // valueOf:(I)Ljava/lang/String;
  #33 = Utf8               (I)Ljava/lang/String;
  #34 = Methodref          #11.#35          // java/lang/String.valueOf:(J)Ljava/lang/String;
  #35 = NameAndType        #14:#36          // valueOf:(J)Ljava/lang/String;
  #36 = Utf8               (J)Ljava/lang/String;
  #37 = Methodref          #11.#38          // java/lang/String.valueOf:(F)Ljava/lang/String;
  #38 = NameAndType        #14:#39          // valueOf:(F)Ljava/lang/String;
  #39 = Utf8               (F)Ljava/lang/String;
  #40 = Methodref          #11.#41          // java/lang/String.valueOf:(D)Ljava/lang/String;
  #41 = NameAndType        #14:#42          // valueOf:(D)Ljava/lang/String;
  #42 = Utf8               (D)Ljava/lang/String;
  #43 = Methodref          #2.#44           // java/lang/Error."<init>":(Ljava/lang/String;Ljava/lang/Throwable;)V
  #44 = NameAndType        #5:#45           // "<init>":(Ljava/lang/String;Ljava/lang/Throwable;)V
  #45 = Utf8               (Ljava/lang/String;Ljava/lang/Throwable;)V
  #46 = Utf8               serialVersionUID
  #47 = Utf8               J
  #48 = Utf8               ConstantValue
  #49 = Long               -5013299493970297370l
  #51 = Utf8               Code
  #52 = Utf8               LineNumberTable
  #53 = Utf8               LocalVariableTable
  #54 = Utf8               this
  #55 = Utf8               Ljava/lang/AssertionError;
  #56 = Utf8               detailMessage
  #57 = Utf8               Ljava/lang/String;
  #58 = Utf8               (Ljava/lang/Object;)V
  #59 = Utf8               Ljava/lang/Object;
  #60 = Utf8               StackMapTable
  #61 = Class              #62              // java/lang/Object
  #62 = Utf8               java/lang/Object
  #63 = Utf8               (Z)V
  #64 = Utf8               Z
  #65 = Utf8               (C)V
  #66 = Utf8               C
  #67 = Utf8               (I)V
  #68 = Utf8               I
  #69 = Utf8               (J)V
  #70 = Utf8               (F)V
  #71 = Utf8               F
  #72 = Utf8               (D)V
  #73 = Utf8               D
  #74 = Utf8               message
  #75 = Utf8               cause
  #76 = Utf8               Ljava/lang/Throwable;
  #77 = Utf8               SourceFile
  #78 = Utf8               AssertionError.java
{
  private static final long serialVersionUID;
    descriptor: J
    flags: (0x001a) ACC_PRIVATE, ACC_STATIC, ACC_FINAL
    ConstantValue: long -5013299493970297370l
  
  public java.lang.AssertionError();
    descriptor: ()V
    flags: (0x0001) ACC_PUBLIC
    Code: 
      stack=1, locals=1, args_size=1
         0: aload_0                 
         1: invokespecial #1                  // Method java/lang/Error."<init>":()V
         4: return                  
      LineNumberTable:
        line 50: 0
        line 51: 4
      LocalVariableTable:
       Start   Length  Slot  Name   Signature
           0        5     0  this   Ljava/lang/AssertionError;
  
  private java.lang.AssertionError(java.lang.String);
    descriptor: (Ljava/lang/String;)V
    flags: (0x0002) ACC_PRIVATE
    Code: 
      stack=2, locals=2, args_size=2
         0: aload_0                 
         1: aload_1                 
         2: invokespecial #7                  // Method java/lang/Error."<init>":(Ljava/lang/String;)V
         5: return                  
      LineNumberTable:
        line 59: 0
        line 60: 5
      LocalVariableTable:
       Start   Length  Slot  Name   Signature
           0        6     0  this   Ljava/lang/AssertionError;
           0        6     1  detailMessage Ljava/lang/String;
  
  public java.lang.AssertionError(java.lang.Object);
    descriptor: (Ljava/lang/Object;)V
    flags: (0x0001) ACC_PUBLIC
    Code: 
      stack=2, locals=2, args_size=2
         0: aload_0                 
         1: aload_1                 
         2: invokestatic  #10                 // Method java/lang/String.valueOf:(Ljava/lang/Object;)Ljava/lang/String;
         5: invokespecial #16                 // Method "<init>":(Ljava/lang/String;)V
         8: aload_1                 
         9: instanceof    #19                 // class java/lang/Throwable
        12: ifeq          24                
        15: aload_0                 
        16: aload_1                 
        17: checkcast     #19                 // class java/lang/Throwable
        20: invokevirtual #21                 // Method initCause:(Ljava/lang/Throwable;)Ljava/lang/Throwable;
        23: pop                     
        24: return                  
      LineNumberTable:
        line 76: 0
        line 77: 8
        line 78: 15
        line 79: 24
      LocalVariableTable:
       Start   Length  Slot  Name   Signature
           0       25     0  this   Ljava/lang/AssertionError;
           0       25     1  detailMessage Ljava/lang/Object;
      StackMapTable: number_of_entries = 1
        frame_type = 255 /* full_frame */
          offset_delta = 24
          locals = [class java/lang/AssertionError, class java/lang/Object]
          stack = []
  
  public java.lang.AssertionError(boolean);
    descriptor: (Z)V
    flags: (0x0001) ACC_PUBLIC
    Code: 
      stack=2, locals=2, args_size=2
         0: aload_0                 
         1: iload_1                 
         2: invokestatic  #25                 // Method java/lang/String.valueOf:(Z)Ljava/lang/String;
         5: invokespecial #16                 // Method "<init>":(Ljava/lang/String;)V
         8: return                  
      LineNumberTable:
        line 90: 0
        line 91: 8
      LocalVariableTable:
       Start   Length  Slot  Name   Signature
           0        9     0  this   Ljava/lang/AssertionError;
           0        9     1  detailMessage Z
  
  public java.lang.AssertionError(char);
    descriptor: (C)V
    flags: (0x0001) ACC_PUBLIC
    Code: 
      stack=2, locals=2, args_size=2
         0: aload_0                 
         1: iload_1                 
         2: invokestatic  #28                 // Method java/lang/String.valueOf:(C)Ljava/lang/String;
         5: invokespecial #16                 // Method "<init>":(Ljava/lang/String;)V
         8: return                  
      LineNumberTable:
        line 102: 0
        line 103: 8
      LocalVariableTable:
       Start   Length  Slot  Name   Signature
           0        9     0  this   Ljava/lang/AssertionError;
           0        9     1  detailMessage C
  
  public java.lang.AssertionError(int);
    descriptor: (I)V
    flags: (0x0001) ACC_PUBLIC
    Code: 
      stack=2, locals=2, args_size=2
         0: aload_0                 
         1: iload_1                 
         2: invokestatic  #31                 // Method java/lang/String.valueOf:(I)Ljava/lang/String;
         5: invokespecial #16                 // Method "<init>":(Ljava/lang/String;)V
         8: return                  
      LineNumberTable:
        line 114: 0
        line 115: 8
      LocalVariableTable:
       Start   Length  Slot  Name   Signature
           0        9     0  this   Ljava/lang/AssertionError;
           0        9     1  detailMessage I
  
  public java.lang.AssertionError(long);
    descriptor: (J)V
    flags: (0x0001) ACC_PUBLIC
    Code: 
      stack=3, locals=3, args_size=2
         0: aload_0                 
         1: lload_1                 
         2: invokestatic  #34                 // Method java/lang/String.valueOf:(J)Ljava/lang/String;
         5: invokespecial #16                 // Method "<init>":(Ljava/lang/String;)V
         8: return                  
      LineNumberTable:
        line 126: 0
        line 127: 8
      LocalVariableTable:
       Start   Length  Slot  Name   Signature
           0        9     0  this   Ljava/lang/AssertionError;
           0        9     1  detailMessage J
  
  public java.lang.AssertionError(float);
    descriptor: (F)V
    flags: (0x0001) ACC_PUBLIC
    Code: 
      stack=2, locals=2, args_size=2
         0: aload_0                 
         1: fload_1                 
         2: invokestatic  #37                 // Method java/lang/String.valueOf:(F)Ljava/lang/String;
         5: invokespecial #16                 // Method "<init>":(Ljava/lang/String;)V
         8: return                  
      LineNumberTable:
        line 138: 0
        line 139: 8
      LocalVariableTable:
       Start   Length  Slot  Name   Signature
           0        9     0  this   Ljava/lang/AssertionError;
           0        9     1  detailMessage F
  
  public java.lang.AssertionError(double);
    descriptor: (D)V
    flags: (0x0001) ACC_PUBLIC
    Code: 
      stack=3, locals=3, args_size=2
         0: aload_0                 
         1: dload_1                 
         2: invokestatic  #40                 // Method java/lang/String.valueOf:(D)Ljava/lang/String;
         5: invokespecial #16                 // Method "<init>":(Ljava/lang/String;)V
         8: return                  
      LineNumberTable:
        line 150: 0
        line 151: 8
      LocalVariableTable:
       Start   Length  Slot  Name   Signature
           0        9     0  this   Ljava/lang/AssertionError;
           0        9     1  detailMessage D
  
  public java.lang.AssertionError(java.lang.String, java.lang.Throwable);
    descriptor: (Ljava/lang/String;Ljava/lang/Throwable;)V
    flags: (0x0001) ACC_PUBLIC
    Code: 
      stack=3, locals=3, args_size=3
         0: aload_0                 
         1: aload_1                 
         2: aload_2                 
         3: invokespecial #43                 // Method java/lang/Error."<init>":(Ljava/lang/String;Ljava/lang/Throwable;)V
         6: return                  
      LineNumberTable:
        line 167: 0
        line 168: 6
      LocalVariableTable:
       Start   Length  Slot  Name   Signature
           0        7     0  this   Ljava/lang/AssertionError;
           0        7     1  message Ljava/lang/String;
           0        7     2  cause  Ljava/lang/Throwable;
}
SourceFile: "AssertionError.java"
