---
source: jclass/src/lib.rs
expression: display
---
public interface jdk.internal.access.JavaLangRefAccess 
  minor version: 0
  major version: 68
  flags: (0x0601) ACC_PUBLIC, ACC_INTERFACE, ACC_ABSTRACT
  this_class: #1                       //jdk/internal/access/JavaLangRefAccess
  super_class: #3                      //java/lang/Object
  interfaces: 0, fields: 0, methods: 3, attributes: 1
Constant pool:
   #1 = Class              #2               // jdk/internal/access/JavaLangRefAccess
   #2 = Utf8               jdk/internal/access/JavaLangRefAccess
   #3 = Class              #4               // java/lang/Object
   #4 = Utf8               java/lang/Object
   #5 = Utf8               startThreads
   #6 = Utf8               ()V
   #7 = Utf8               waitForReferenceProcessing
   #8 = Utf8               ()Z
   #9 = Utf8               Exceptions
  #10 = Class              #11              // java/lang/InterruptedException
  #11 = Utf8               java/lang/InterruptedException
  #12 = Utf8               runFinalization
  #13 = Utf8               SourceFile
  #14 = Utf8               JavaLangRefAccess.java
{
  public abstract void startThreads();
    descriptor: ()V
    flags: (0x0401) ACC_PUBLIC, ACC_ABSTRACT
  
  public abstract boolean waitForReferenceProcessing() throws java.lang.InterruptedException;
    descriptor: ()Z
    flags: (0x0401) ACC_PUBLIC, ACC_ABSTRACT
    Exceptions:
      throws java.lang.InterruptedException
  
  public abstract void runFinalization();
    descriptor: ()V
    flags: (0x0401) ACC_PUBLIC, ACC_ABSTRACT
}
SourceFile: "JavaLangRefAccess.java"
